[backblue.gif]
[fade.gif]
[index.html]
[che.uop.edu.pk/favicon.ico]
[che.uop.edu.pk/index.html]
[che.uop.edu.pk/index-2.html]
[che.uop.edu.pk/che-history.html]
[che.uop.edu.pk/leadership.html]
[che.uop.edu.pk/foundation-faculty.html]
[che.uop.edu.pk/contact-us.html]
[che.uop.edu.pk/art-design-introduction.html]
[che.uop.edu.pk/food-nutrition-sciences-introduction.html]
[che.uop.edu.pk/human-development-family-studies-introduction.html]
[che.uop.edu.pk/resource-facility-management-introduction.html]
[che.uop.edu.pk/textile-clothing-introduction.html]
[che.uop.edu.pk/computer-science-introduction.html]
[che.uop.edu.pk/english-introduction.html]
[che.uop.edu.pk/pak-studies-introduction.html]
[che.uop.edu.pk/science-introduction.html]
[che.uop.edu.pk/urdu-islamiyat-introduction.html]
[che.uop.edu.pk/bsc.html]
[che.uop.edu.pk/bsc-fee-structure.html]
[che.uop.edu.pk/bsc-eligibility-rules.html]
[che.uop.edu.pk/bsc-uniform.html]
[code.jquery.com/ui/1.11.2/themes/smoothness/jquery-ui.css]
[che.uop.edu.pk/bsc-merit-list.html]
[che.uop.edu.pk/bsc-waiting-list.html]
[che.uop.edu.pk/fsc.html]
[che.uop.edu.pk/fsc-fee-structure.html]
[che.uop.edu.pk/fsc-eligibility-rules.html]
[che.uop.edu.pk/fsc-uniform.html]
[che.uop.edu.pk/fsc-merit-list.html]
[che.uop.edu.pk/fsc-waiting-list.html]
[che.uop.edu.pk/bs-hons.html]
[che.uop.edu.pk/bs-hons-fee-structure.html]
[che.uop.edu.pk/bs-hons-eligibility-rules.html]
[che.uop.edu.pk/bs-hons-uniform.html]
[che.uop.edu.pk/bs-hons-merit-list.html]
[che.uop.edu.pk/bs-hons-waiting-list.html]
[che.uop.edu.pk/msc.html]
[che.uop.edu.pk/msc-fee-structure.html]
[che.uop.edu.pk/msc-eligibility-rules.html]
[che.uop.edu.pk/msc-uniform.html]
[che.uop.edu.pk/msc-merit-list.html]
[che.uop.edu.pk/msc-waiting-list.html]
[che.uop.edu.pk/mphil.html]
[che.uop.edu.pk/mphil-fee-structure.html]
[che.uop.edu.pk/mphil-eligibility-rules.html]
[che.uop.edu.pk/mphil-uniform.html]
[che.uop.edu.pk/mphil-merit-list.html]
[che.uop.edu.pk/mphil-waiting-list.html]
[che.uop.edu.pk/phd.html]
[che.uop.edu.pk/phd-fee-structure.html]
[che.uop.edu.pk/phd-eligibility-rules.html]
[che.uop.edu.pk/phd-uniform.html]
[che.uop.edu.pk/phd-merit-list.html]
[che.uop.edu.pk/phd-waiting-list.html]
[che.uop.edu.pk/examination-rules.html]
[che.uop.edu.pk/datesheet.html]
[che.uop.edu.pk/results.html]
[che.uop.edu.pk/convocation.html]
[code.jquery.com/ui/1.11.2/jquery-ui.js]
[che.uop.edu.pk/college-faculty.html]
[che.uop.edu.pk/faculty-art-and-design.html]
[che.uop.edu.pk/faculty-food-and-nutrition-sciences.html]
[che.uop.edu.pk/faculty-human-development-and-family-studies.html]
[che.uop.edu.pk/faculty-resource-and-facility-management.html]
[che.uop.edu.pk/faculty-textile-and-clothing.html]
[che.uop.edu.pk/faculty-science.html]
[che.uop.edu.pk/faculty-computer-studies.html]
[che.uop.edu.pk/faculty-english.html]
[che.uop.edu.pk/faculty-pak-studies.html]
[che.uop.edu.pk/faculty-urdu.html]
[che.uop.edu.pk/faculty-islamiyat.html]
[che.uop.edu.pk/faculty-login.html]
[che.uop.edu.pk/students-societies.html]
[che.uop.edu.pk/students-society-members.html]
[che.uop.edu.pk/students-academic-visits.html]
[che.uop.edu.pk/students-recreational-trips.html]
[che.uop.edu.pk/facilities-bookshop.html]
[che.uop.edu.pk/facilities-canteen.html]
[che.uop.edu.pk/facilities-daycare.html]
[che.uop.edu.pk/facilities-first-aid-room.html]
[che.uop.edu.pk/facilities-generators.html]
[che.uop.edu.pk/facilities-home-management-residence.html]
[che.uop.edu.pk/facilities-hostel.html]
[che.uop.edu.pk/facilities-internet.html]
[che.uop.edu.pk/facilities-library.html]
[che.uop.edu.pk/facilities-mosque.html]
[che.uop.edu.pk/facilities-nursery.html]
[che.uop.edu.pk/facilities-photocopier.html]
[che.uop.edu.pk/facilities-playgroup.html]
[che.uop.edu.pk/facilities-preplaygroup.html]
[che.uop.edu.pk/facilities-transport.html]
[che.uop.edu.pk/alumni-list.html]
[che.uop.edu.pk/pfhe.html]
[che.uop.edu.pk/alumni-login.html]
[che.uop.edu.pk/jhebs-call-for-papers.html]
[che.uop.edu.pk/jhebs-published-versions.html]
[che.uop.edu.pk/jhebs-research.html]
[che.uop.edu.pk/jhebs-rules.html]
[che.uop.edu.pk/jhebs-updates.html]
[che.uop.edu.pk/conference-call-for-papers.html]
[che.uop.edu.pk/conference-accepted-papers.html]
[che.uop.edu.pk/conference-registration-and-payment.html]
[che.uop.edu.pk/conference-important-dates.html]
[che.uop.edu.pk/conference-keynote-speaker.html]
[che.uop.edu.pk/conference-committee.html]
[che.uop.edu.pk/conference-abstract-submission.html]
[che.uop.edu.pk/conference-topics.html]
[che.uop.edu.pk/conference-presentation-instructions.html]
[che.uop.edu.pk/conference-who-should-attend.html]
[che.uop.edu.pk/conference-tentative-programme.html]
[www.uop.edu.pk/resources/bara.jpg]
[www.uop.edu.pk/resources/bara2.jpg]
[che.uop.edu.pk/conference-venue.html]
[che.uop.edu.pk/conference-final-paper-submission.html]
[che.uop.edu.pk/conference-paper-templates.html]
[che.uop.edu.pk/conference-accommodation-and-travel.html]
[che.uop.edu.pk/conference-conference-poster.html]
[che.uop.edu.pk/college-magazine.html]
[che.uop.edu.pk/activities-exhibitions.html]
[che.uop.edu.pk/activities-internships.html]
[che.uop.edu.pk/activities-lectures.html]
[che.uop.edu.pk/newsletter.html]
[che.uop.edu.pk/activities-seminars.html]
[che.uop.edu.pk/activities-sports.html]
[che.uop.edu.pk/activities-tutorials.html]
[che.uop.edu.pk/activities-workshops.html]
[che.uop.edu.pk/proctorial-board.html]
[che.uop.edu.pk/annual-report.html]
[che.uop.edu.pk/scheme-of-studies.html]
[che.uop.edu.pk/syllabi.html]
[che.uop.edu.pk/college-calendar.html]
[che.uop.edu.pk/merit-list.html]
[che.uop.edu.pk/vc-message.html]
[che.uop.edu.pk/dean-message.html]
[che.uop.edu.pk/principal-message.html]
[che.uop.edu.pk/datad61c.html]
[che.uop.edu.pk/data3a9f.html]
[che.uop.edu.pk/data8803.html]
[che.uop.edu.pk/datac3c9.html]
[che.uop.edu.pk/announcements.html]
[che.uop.edu.pk/show-eventc1fb.html]
[che.uop.edu.pk/show-eventca2e.html]
[che.uop.edu.pk/show-eventc0c1.html]
[che.uop.edu.pk/upcoming-events.html]
[che.uop.edu.pk/show-event2999.html]
[che.uop.edu.pk/show-event8513.html]
[che.uop.edu.pk/show-event3c6f.html]
[che.uop.edu.pk/privacy-policy.html]
[che.uop.edu.pk/profiled61c.html]
[che.uop.edu.pk/profilee5cc.html]
[che.uop.edu.pk/profile5255.html]
[che.uop.edu.pk/profile4ef9.html]
[che.uop.edu.pk/profile6e03.html]
[che.uop.edu.pk/profilee371.html]
[che.uop.edu.pk/profile1434.html]
[che.uop.edu.pk/profile95dc.html]
[che.uop.edu.pk/profile3773.html]
[che.uop.edu.pk/foundation-profile190a.html]
[che.uop.edu.pk/foundation-profilee371.html]
[che.uop.edu.pk/foundation-profilea9bc.html]
[che.uop.edu.pk/foundation-profilee5cc.html]
[che.uop.edu.pk/foundation-profile6258.html]
[che.uop.edu.pk/foundation-profile2e5f.html]
[che.uop.edu.pk/foundation-profile9c8a.html]
[che.uop.edu.pk/foundation-profileea25.html]
[che.uop.edu.pk/foundation-profile9e43.html]
[che.uop.edu.pk/foundation-profile3162.html]
[che.uop.edu.pk/foundation-faculty76c3.html]
[che.uop.edu.pk/art-design.html]
[che.uop.edu.pk/art-design-faculty.html]
[che.uop.edu.pk/art-design-department-pictures.html]
[che.uop.edu.pk/art-design-scheme-of-study.html]
[che.uop.edu.pk/art-design-research-publications.html]
[che.uop.edu.pk/food-nutrition-sciences.html]
[che.uop.edu.pk/food-nutrition-sciences-faculty.html]
[che.uop.edu.pk/food-nutrition-sciences-department-pictures.html]
[che.uop.edu.pk/food-nutrition-sciences-scheme-of-study.html]
[che.uop.edu.pk/food-nutrition-sciences-research-publications.html]
[che.uop.edu.pk/human-development-family-studies.html]
[che.uop.edu.pk/human-development-family-studies-faculty.html]
[che.uop.edu.pk/human-development-family-studies-department-pictures.html]
[che.uop.edu.pk/human-development-family-studies-scheme-of-study.html]
[che.uop.edu.pk/human-development-family-studies-research-publications.html]
[che.uop.edu.pk/resource-facility-management.html]
[che.uop.edu.pk/resource-facility-management-faculty.html]
[che.uop.edu.pk/resource-facility-management-department-pictures.html]
[che.uop.edu.pk/resource-facility-management-scheme-of-study.html]
[che.uop.edu.pk/resource-facility-management-research-publications.html]
[che.uop.edu.pk/textile-clothing.html]
[che.uop.edu.pk/textile-clothing-faculty.html]
[che.uop.edu.pk/textile-clothing-department-pictures.html]
[che.uop.edu.pk/textile-clothing-scheme-of-study.html]
[che.uop.edu.pk/textile-clothing-research-publications.html]
[che.uop.edu.pk/computer-science.html]
[che.uop.edu.pk/computer-science-faculty.html]
[che.uop.edu.pk/computer-science-department-pictures.html]
[che.uop.edu.pk/computer-science-scheme-of-study.html]
[che.uop.edu.pk/computer-science-research-publications.html]
[che.uop.edu.pk/english.html]
[che.uop.edu.pk/english-faculty.html]
[che.uop.edu.pk/english-department-pictures.html]
[che.uop.edu.pk/english-scheme-of-study.html]
[che.uop.edu.pk/english-research-publications.html]
[che.uop.edu.pk/pak-studies.html]
[che.uop.edu.pk/pak-studies-faculty.html]
[che.uop.edu.pk/pak-studies-department-pictures.html]
[che.uop.edu.pk/pak-studies-scheme-of-study.html]
[che.uop.edu.pk/pak-studies-research-publications.html]
[che.uop.edu.pk/science.html]
[che.uop.edu.pk/science-faculty.html]
[che.uop.edu.pk/science-department-pictures.html]
[che.uop.edu.pk/science-scheme-of-study.html]
[che.uop.edu.pk/science-research-publications.html]
[che.uop.edu.pk/urdu-islamiyat.html]
[che.uop.edu.pk/urdu-islamiyat-faculty.html]
[che.uop.edu.pk/urdu-islamiyat-department-pictures.html]
[che.uop.edu.pk/urdu-islamiyat-scheme-of-study.html]
[che.uop.edu.pk/urdu-islamiyat-research-publications.html]
[code.jquery.com/ui/1.11.2/themes/smoothness/images/ui-bg_flat_75_ffffff_40x100.png]
[code.jquery.com/ui/1.11.2/themes/smoothness/images/ui-bg_highlight-soft_75_cccccc_1x100.png]
[code.jquery.com/ui/1.11.2/themes/smoothness/images/ui-bg_glass_75_e6e6e6_1x400.png]
[code.jquery.com/ui/1.11.2/themes/smoothness/images/ui-bg_glass_75_dadada_1x400.png]
[code.jquery.com/ui/1.11.2/themes/smoothness/images/ui-bg_glass_65_ffffff_1x400.png]
[code.jquery.com/ui/1.11.2/themes/smoothness/images/ui-bg_glass_55_fbf9ee_1x400.png]
[code.jquery.com/ui/1.11.2/themes/smoothness/images/ui-bg_glass_95_fef1ec_1x400.png]
[code.jquery.com/ui/1.11.2/themes/smoothness/images/ui-icons_222222_256x240.png]
[code.jquery.com/ui/1.11.2/themes/smoothness/images/ui-icons_888888_256x240.png]
[code.jquery.com/ui/1.11.2/themes/smoothness/images/ui-icons_454545_256x240.png]
[code.jquery.com/ui/1.11.2/themes/smoothness/images/ui-icons_2e83ff_256x240.png]
[code.jquery.com/ui/1.11.2/themes/smoothness/images/ui-icons_cd0a0a_256x240.png]
[code.jquery.com/ui/1.11.2/themes/smoothness/images/ui-bg_flat_0_aaaaaa_40x100.png]
[code.jquery.com/ui/1.11.2/themes/smoothness/jquery-ui.css]
[che.uop.edu.pk/results-searchc404.html]
[che.uop.edu.pk/results-searchbb61.html]
[che.uop.edu.pk/convocation-details3a9f.html]
[che.uop.edu.pk/convocation-detailsd61c.html]
[che.uop.edu.pk/convocation-detailsd708.html]
[che.uop.edu.pk/profiled708.html]
[che.uop.edu.pk/profiledcfd.html]
[che.uop.edu.pk/profile9e43.html]
[che.uop.edu.pk/profile2728.html]
[che.uop.edu.pk/profile87f1.html]
[che.uop.edu.pk/college-faculty76c3.html]
[che.uop.edu.pk/profile40ac.html]
[che.uop.edu.pk/profilecdef.html]
[che.uop.edu.pk/profileab5e.html]
[che.uop.edu.pk/profile4944.html]
[che.uop.edu.pk/profilea9e4.html]
[che.uop.edu.pk/profile9c8a.html]
[che.uop.edu.pk/profile6396.html]
[che.uop.edu.pk/profile3ca5.html]
[che.uop.edu.pk/profile011a.html]
[che.uop.edu.pk/profile8bcf.html]
[che.uop.edu.pk/profileef73.html]
[che.uop.edu.pk/profilea916.html]
[che.uop.edu.pk/profile1e85.html]
[che.uop.edu.pk/profile190a.html]
[che.uop.edu.pk/profiledac1.html]
[che.uop.edu.pk/profile7df0.html]
[che.uop.edu.pk/profilebb33.html]
[che.uop.edu.pk/profile2580.html]
[che.uop.edu.pk/profile6fb5.html]
[che.uop.edu.pk/profile98dc.html]
[che.uop.edu.pk/profile084d.html]
[che.uop.edu.pk/profilefddb.html]
[che.uop.edu.pk/profile2fc6.html]
[che.uop.edu.pk/profile48db.html]
[che.uop.edu.pk/profile4411.html]
[che.uop.edu.pk/profile0c98.html]
[che.uop.edu.pk/profileea25.html]
[che.uop.edu.pk/profile619c.html]
[che.uop.edu.pk/profile3221.html]
[che.uop.edu.pk/profile6258.html]
[che.uop.edu.pk/faculty-forgot-password.html]
[che.uop.edu.pk/students-societies-detailsd61c.html]
[che.uop.edu.pk/students-academic-visits-detailsd61c.html]
[che.uop.edu.pk/alumni-detailsc0fa.html]
[che.uop.edu.pk/alumni-detailsd17a.html]
[che.uop.edu.pk/alumni-details4a77.html]
[che.uop.edu.pk/alumni-detailsc281.html]
[che.uop.edu.pk/alumni-detailsf546.html]
[che.uop.edu.pk/alumni-details4018.html]
[che.uop.edu.pk/alumni-details8562.html]
[che.uop.edu.pk/alumni-detailsc572.html]
[che.uop.edu.pk/alumni-details03ea.html]
[che.uop.edu.pk/alumni-details73ca.html]
[che.uop.edu.pk/alumni-details1258.html]
[che.uop.edu.pk/alumni-details2e37.html]
[che.uop.edu.pk/alumni-detailscd1a.html]
[che.uop.edu.pk/alumni-detailsa7a0.html]
[che.uop.edu.pk/alumni-details3f91.html]
[che.uop.edu.pk/alumni-detailsa9d2.html]
[che.uop.edu.pk/alumni-details367a.html]
[che.uop.edu.pk/alumni-detailse8f5.html]
[che.uop.edu.pk/alumni-details9537.html]
[che.uop.edu.pk/alumni-details5c8d.html]
[che.uop.edu.pk/alumni-details651a.html]
[che.uop.edu.pk/alumni-details0985.html]
[che.uop.edu.pk/alumni-details39d7.html]
[che.uop.edu.pk/alumni-detailse935.html]
[che.uop.edu.pk/alumni-details4238.html]
[che.uop.edu.pk/alumni-list2484.html]
[che.uop.edu.pk/alumni-registration.html]
[che.uop.edu.pk/alumni-forgot-password.html]
[che.uop.edu.pk/jhebs-research-detailsd61c.html]
[che.uop.edu.pk/activities-exhibitions4851.html]
[che.uop.edu.pk/lectures-details5c7c.html]
[che.uop.edu.pk/lectures-detailse76f.html]
[che.uop.edu.pk/lectures-details28a5.html]
[che.uop.edu.pk/lectures-details3e14.html]
[che.uop.edu.pk/lectures-details2aea.html]
[che.uop.edu.pk/lectures-detailsd139.html]
[che.uop.edu.pk/lectures-detailsb02d.html]
[che.uop.edu.pk/lectures-detailsea3a.html]
[che.uop.edu.pk/lectures-details30c9.html]
[che.uop.edu.pk/lectures-detailse1ea.html]
[che.uop.edu.pk/seminars-details5c7c.html]
[che.uop.edu.pk/seminars-detailse76f.html]
[che.uop.edu.pk/seminars-details28a5.html]
[che.uop.edu.pk/seminars-details3e14.html]
[che.uop.edu.pk/seminars-details2aea.html]
[che.uop.edu.pk/seminars-detailsd139.html]
[che.uop.edu.pk/seminars-detailsb02d.html]
[che.uop.edu.pk/seminars-detailsea3a.html]
[che.uop.edu.pk/seminars-details30c9.html]
[che.uop.edu.pk/seminars-detailse1ea.html]
[che.uop.edu.pk/tutorials-details5c7c.html]
[che.uop.edu.pk/tutorials-detailse76f.html]
[che.uop.edu.pk/tutorials-details28a5.html]
[che.uop.edu.pk/tutorials-details3e14.html]
[che.uop.edu.pk/tutorials-details2aea.html]
[che.uop.edu.pk/tutorials-detailsd139.html]
[che.uop.edu.pk/tutorials-detailsb02d.html]
[che.uop.edu.pk/tutorials-detailsea3a.html]
[che.uop.edu.pk/tutorials-details30c9.html]
[che.uop.edu.pk/tutorials-detailse1ea.html]
[che.uop.edu.pk/workshops-details5c7c.html]
[che.uop.edu.pk/workshops-detailse76f.html]
[che.uop.edu.pk/workshops-details28a5.html]
[che.uop.edu.pk/workshops-details3e14.html]
[che.uop.edu.pk/workshops-details2aea.html]
[che.uop.edu.pk/workshops-detailsd139.html]
[che.uop.edu.pk/workshops-detailsb02d.html]
[che.uop.edu.pk/workshops-detailsea3a.html]
[che.uop.edu.pk/workshops-details30c9.html]
[che.uop.edu.pk/workshops-detailse1ea.html]
[che.uop.edu.pk/scheme-of-studies76c3.html]
[che.uop.edu.pk/show-event8f26.html]
[che.uop.edu.pk/show-event7251.html]
[che.uop.edu.pk/show-eventb7b8.html]
[che.uop.edu.pk/show-evented21.html]
[che.uop.edu.pk/show-eventc0fa.html]
[che.uop.edu.pk/show-event4325.html]
[che.uop.edu.pk/show-eventdbc3.html]
[che.uop.edu.pk/show-event29b3.html]
[che.uop.edu.pk/announcements9075.html]
[che.uop.edu.pk/show-event51c2.html]
[che.uop.edu.pk/show-event0741.html]
[che.uop.edu.pk/show-event6ce1.html]
[che.uop.edu.pk/show-eventab99.html]
[che.uop.edu.pk/foundation-profile3773.html]
[che.uop.edu.pk/foundation-profile1434.html]
[che.uop.edu.pk/foundation-profile95dc.html]
[che.uop.edu.pk/foundation-profile8bcf.html]
[che.uop.edu.pk/foundation-profile6fb5.html]
[che.uop.edu.pk/foundation-profiledac1.html]
[che.uop.edu.pk/foundation-faculty0654.html]
[che.uop.edu.pk/college-faculty0654.html]
[che.uop.edu.pk/college-faculty5a94.html]
[che.uop.edu.pk/alumni-details374c.html]
[che.uop.edu.pk/alumni-detailsa2ea.html]
[che.uop.edu.pk/alumni-detailscd7b.html]
[che.uop.edu.pk/alumni-details7567.html]
[che.uop.edu.pk/alumni-details7147.html]
[che.uop.edu.pk/alumni-details9b05.html]
[che.uop.edu.pk/alumni-detailsa6dd.html]
[che.uop.edu.pk/alumni-details686a.html]
[che.uop.edu.pk/alumni-details46f5.html]
[che.uop.edu.pk/alumni-details7e46.html]
[che.uop.edu.pk/alumni-detailsfb68.html]
[che.uop.edu.pk/alumni-details3b75.html]
[che.uop.edu.pk/alumni-detailsd9e6.html]
[che.uop.edu.pk/alumni-detailsc17f.html]
[che.uop.edu.pk/alumni-detailsb4cd.html]
[che.uop.edu.pk/alumni-details4b61.html]
[che.uop.edu.pk/alumni-details97d4.html]
[che.uop.edu.pk/alumni-details0d7d.html]
[che.uop.edu.pk/alumni-details5cee.html]
[che.uop.edu.pk/alumni-details09c3.html]
[che.uop.edu.pk/alumni-details64d0.html]
[che.uop.edu.pk/alumni-detailsdc6c.html]
[che.uop.edu.pk/alumni-detailsd5b4.html]
[che.uop.edu.pk/alumni-detailsec28.html]
[che.uop.edu.pk/alumni-details294f.html]
[che.uop.edu.pk/alumni-list323e.html]
[che.uop.edu.pk/alumni-list4d4a.html]
[che.uop.edu.pk/scheme-of-studies0654.html]
[che.uop.edu.pk/scheme-of-studies5a94.html]
[che.uop.edu.pk/show-eventa983.html]
[che.uop.edu.pk/show-event7cff.html]
[che.uop.edu.pk/show-eventd17a.html]
[che.uop.edu.pk/show-eventf9a9.html]
[che.uop.edu.pk/show-eventdb5d.html]
[che.uop.edu.pk/show-event6ea4.html]
[che.uop.edu.pk/announcements0654.html]
[che.uop.edu.pk/college-faculty795a.html]
[che.uop.edu.pk/alumni-details0468.html]
[che.uop.edu.pk/alumni-details0724.html]
[che.uop.edu.pk/alumni-detailsd575.html]
[che.uop.edu.pk/alumni-details47c2.html]
[che.uop.edu.pk/alumni-detailsd8c4.html]
[che.uop.edu.pk/alumni-details1a6a.html]
[che.uop.edu.pk/alumni-detailsc5b2.html]
[che.uop.edu.pk/alumni-detailsf8d4.html]
[che.uop.edu.pk/alumni-details3ebc.html]
[che.uop.edu.pk/alumni-details011a.html]
[che.uop.edu.pk/alumni-details48db.html]
[che.uop.edu.pk/alumni-detailsadbc.html]
[che.uop.edu.pk/alumni-detailsa9e4.html]
[che.uop.edu.pk/alumni-details7d36.html]
[che.uop.edu.pk/alumni-details2568.html]
[che.uop.edu.pk/alumni-details4944.html]
[che.uop.edu.pk/alumni-details6396.html]
[che.uop.edu.pk/alumni-details1e35.html]
[che.uop.edu.pk/alumni-details4411.html]
[che.uop.edu.pk/alumni-details8bcf.html]
[che.uop.edu.pk/alumni-details95dc.html]
[che.uop.edu.pk/alumni-details1434.html]
[che.uop.edu.pk/alumni-detailsea25.html]
[che.uop.edu.pk/alumni-details6258.html]
[che.uop.edu.pk/alumni-detailse5cc.html]
[che.uop.edu.pk/alumni-list6f47.html]
[che.uop.edu.pk/activities-Seminars-2.html]
[che.uop.edu.pk/Www.uop.edu.html]
[che.uop.edu.pk/Facebook.html]
[che.uop.edu.pk/college-faculty4abd.html]
[che.uop.edu.pk/alumni-detailsa9bc.html]
[che.uop.edu.pk/alumni-details4ef9.html]
